// Jest Snapshot v1, https://goo.gl/fbAQLP

exports[`Test <AddCategory/> should render component 1`] = `
<div
  className="py-5 max-w-xl mx-auto"
>
  <form
    className="md:flex items-center"
    onSubmit={[Function]}
  >
    <label
      className="md:w-2/3"
    >
      <input
        className="w-full rounded-md border-gray-300 shadow-sm focus:border-indigo-300 focus:ring focus:ring-indigo-200 focus:ring-opacity-50 p-3"
        onChange={[Function]}
        placeholder="Search a GIF"
        type="text"
        value=""
      />
    </label>
    <div
      className="md:w-1/3 md:pl-5"
    >
      <button
        className="bg-blue-400 text-white p-3 rounded-lg w-full my-3"
        type="submit"
      >
        Search
      </button>
    </div>
  </form>
</div>
`;
