// Jest Snapshot v1, https://goo.gl/fbAQLP

exports[`Test <GifGrid/> should be render 1`] = `
<Fragment>
  <ContainerTitle>
    <Loader
      Component={[Function]}
    />
  </ContainerTitle>
  <ContainerGrid>
    <Loader
      Component={[Function]}
      amount={12}
    />
  </ContainerGrid>
</Fragment>
`;
